// Jest Snapshot v1, https://goo.gl/fbAQLP

exports[`renders 1`] = `
<div
  className="mdc-select mdc-select--disabled"
>
  <select
    className="mdc-select__surface"
    disabled={true}
    value=""
  >
    <option
      value=""
    >
      Pick a food group
    </option>
    <option
      value="grains"
    >
      Bread, Cereal, Rice, and Pasta
    </option>
    <option
      disabled={true}
      value="vegetables"
    >
      Vegetables
    </option>
    <option
      value="fruit"
    >
      Fruit
    </option>
    <option
      value="dairy"
    >
      Milk, Yogurt, and Cheese
    </option>
    <option
      value="meat"
    >
      Meat, Poultry, Fish, Dry Beans, Eggs, and Nuts
    </option>
    <option
      value="fats"
    >
      Fats, Oils, and Sweets
    </option>
  </select>
  <div
    className="mdc-select__bottom-line"
  />
</div>
`;
