// Jest Snapshot v1, https://goo.gl/fbAQLP

exports[`renders 1`] = `
Array [
  <header
    className="mdc-toolbar mdc-toolbar--fixed"
  >
    <div
      className="mdc-toolbar__row"
    >
      <section
        className="mdc-toolbar__section mdc-toolbar__section--align-start"
      >
        <span
          className="material-icons mdc-toolbar__menu-icon"
        >
          menu
        </span>
      </section>
      <section
        className="mdc-toolbar__section"
      >
        <span
          className="mdc-toolbar__title"
        >
          Title
        </span>
      </section>
      <section
        className="mdc-toolbar__section mdc-toolbar__section--align-end mdc-toolbar__section--shrink-to-fit"
      >
        <a
          className="material-icons mdc-toolbar__icon"
        >
          anchor
        </a>
        <button
          className="material-icons mdc-toolbar__icon"
        >
          button
        </button>
      </section>
    </div>
  </header>,
  <div
    className="mdc-toolbar-fixed-adjust"
  >
    Content
  </div>,
]
`;
