// Jest Snapshot v1, https://goo.gl/fbAQLP

exports[`renders 1`] = `
<div
  className="mdc-elevation--z4 mdc-elevation-transition"
>
  Elevation
</div>
`;
