// Jest Snapshot v1, https://goo.gl/fbAQLP

exports[`renders 1`] = `
<aside
  className="mdc-dialog mdc-dialog--animating mdc-dialog--open"
  onClick={[Function]}
  onTransitionEnd={[Function]}
  role="alertdialog"
>
  <div
    className="mdc-dialog__surface"
    onClick={[Function]}
  >
    <header
      className="mdc-dialog__header"
    >
      <h2
        className="mdc-dialog__header__title"
      >
        Dialog title
      </h2>
    </header>
    <footer
      className="mdc-dialog__body"
    >
      Let Google help apps determine location. This means sending anonymous location data to Google, even when no apps are running.
    </footer>
    <section
      className="mdc-dialog__footer"
    >
      <button
        className="mdc-button mdc-dialog__footer__button"
        type="button"
      >
        Decline
      </button>
      <button
        className="mdc-button mdc-dialog__footer__button mdc-dialog__action"
        type="button"
      >
        Accept
      </button>
    </section>
  </div>
  <div
    className="mdc-dialog__backdrop"
  />
</aside>
`;
