// Jest Snapshot v1, https://goo.gl/fbAQLP

exports[`renders 1`] = `
<div
  className="mdc-layout-grid"
>
  <div
    className="mdc-layout-grid__inner"
  >
    <div
      className="mdc-layout-grid__cell mdc-layout-grid__cell--span-1 mdc-layout-grid__cell--span-2-desktop mdc-layout-grid__cell--span-3-tablet mdc-layout-grid__cell--span-4-mobile mdc-layout-grid__cell--order-2 mdc-layout-grid__cell--align-middle"
    >
      Cell 1
    </div>
    <div
      className="mdc-layout-grid__cell"
    >
      <div
        className="mdc-layout-grid__inner"
      >
        <div
          className="mdc-layout-grid__cell"
        >
          1
        </div>
        <div
          className="mdc-layout-grid__cell"
        >
          2
        </div>
        <div
          className="mdc-layout-grid__cell"
        >
          3
        </div>
      </div>
    </div>
  </div>
</div>
`;
