// Jest Snapshot v1, https://goo.gl/fbAQLP

exports[`renders 1`] = `
<p
  className="mdc-theme--text-class mdc-theme--background-class"
>
  Child
</p>
`;
